[1/45] run  xor__backprop_neat__r02
      val_acc=0.915 causal=3n cands=1050 6.0s
[2/45] run  xor__backprop_neat__r06
      val_acc=1.000 causal=3n cands=1050 5.8s
[3/45] run  xor__backprop_neat__r10
      val_acc=0.880 causal=4n cands=1050 8.0s
[4/45] run  xor__homogeneous_tanh__r04
      val_acc=0.440 causal=0n cands=1050 5.2s
[5/45] run  xor__homogeneous_tanh__r08
      val_acc=0.520 causal=0n cands=1050 5.5s
[6/45] run  xor__evolution_only__r02
      val_acc=0.575 causal=0n cands=1050 0.7s
[7/45] run  xor__evolution_only__r06
      val_acc=0.475 causal=1n cands=1050 0.7s
[8/45] run  xor__evolution_only__r10
      val_acc=0.715 causal=2n cands=1050 0.8s
[9/45] run  xor__random_search__r04
      val_acc=1.000 causal=8n cands=60 1.9s
[10/45] run  xor__random_search__r08
      val_acc=0.990 causal=4n cands=60 1.8s
[11/45] run  xor__fixed_mlp__r02
      val_acc=0.995 causal=65n cands=60 57.9s
[12/45] run  xor__fixed_mlp__r06
      val_acc=0.990 causal=65n cands=60 61.1s
[13/45] run  xor__fixed_mlp__r10
      val_acc=0.995 causal=65n cands=60 62.4s
[14/45] run  xor__logistic__r04
      val_acc=0.560 causal=0n cands=60 0.3s
[15/45] run  xor__logistic__r08
      val_acc=0.705 causal=0n cands=60 0.3s
[16/45] run  circle__backprop_neat__r02
      val_acc=0.950 causal=3n cands=1050 8.7s
[17/45] run  circle__backprop_neat__r06
      val_acc=0.970 causal=3n cands=1050 8.6s
[18/45] run  circle__backprop_neat__r10
      val_acc=0.990 causal=4n cands=1050 7.7s
[19/45] run  circle__homogeneous_tanh__r04
      val_acc=0.865 causal=3n cands=1050 6.8s
[20/45] run  circle__homogeneous_tanh__r08
      val_acc=0.835 causal=2n cands=1050 7.2s
[21/45] run  circle__evolution_only__r02
      val_acc=0.625 causal=2n cands=1050 0.8s
[22/45] run  circle__evolution_only__r06
      val_acc=0.740 causal=4n cands=1050 0.8s
[23/45] run  circle__evolution_only__r10
      val_acc=0.575 causal=3n cands=1051 0.8s
[24/45] run  circle__random_search__r04
      val_acc=0.995 causal=16n cands=60 2.3s
[25/45] run  circle__random_search__r08
      val_acc=0.985 causal=6n cands=60 2.6s
[26/45] run  circle__fixed_mlp__r02
