[1/45] run  xor__backprop_neat__r02
      val_acc=0.915 causal=3n cands=1050 6.0s
[2/45] run  xor__backprop_neat__r06
      val_acc=1.000 causal=3n cands=1050 5.8s
[3/45] run  xor__backprop_neat__r10
      val_acc=0.880 causal=4n cands=1050 8.0s
[4/45] run  xor__homogeneous_tanh__r04
      val_acc=0.440 causal=0n cands=1050 5.2s
[5/45] run  xor__homogeneous_tanh__r08
      val_acc=0.520 causal=0n cands=1050 5.5s
[6/45] run  xor__evolution_only__r02
      val_acc=0.575 causal=0n cands=1050 0.7s
[7/45] run  xor__evolution_only__r06
      val_acc=0.475 causal=1n cands=1050 0.7s
[8/45] run  xor__evolution_only__r10
      val_acc=0.715 causal=2n cands=1050 0.8s
[9/45] run  xor__random_search__r04
      val_acc=1.000 causal=8n cands=60 1.9s
[10/45] run  xor__random_search__r08
      val_acc=0.990 causal=4n cands=60 1.8s
[11/45] run  xor__fixed_mlp__r02
      val_acc=0.995 causal=65n cands=60 57.9s
[12/45] run  xor__fixed_mlp__r06
      val_acc=0.990 causal=65n cands=60 61.1s
[13/45] run  xor__fixed_mlp__r10
      val_acc=0.995 causal=65n cands=60 62.4s
[14/45] run  xor__logistic__r04
      val_acc=0.560 causal=0n cands=60 0.3s
[15/45] run  xor__logistic__r08
      val_acc=0.705 causal=0n cands=60 0.3s
[16/45] run  circle__backprop_neat__r02
      val_acc=0.950 causal=3n cands=1050 8.7s
[17/45] run  circle__backprop_neat__r06
      val_acc=0.970 causal=3n cands=1050 8.6s
[18/45] run  circle__backprop_neat__r10
      val_acc=0.990 causal=4n cands=1050 7.7s
[19/45] run  circle__homogeneous_tanh__r04
      val_acc=0.865 causal=3n cands=1050 6.8s
[20/45] run  circle__homogeneous_tanh__r08
      val_acc=0.835 causal=2n cands=1050 7.2s
[21/45] run  circle__evolution_only__r02
      val_acc=0.625 causal=2n cands=1050 0.8s
[22/45] run  circle__evolution_only__r06
      val_acc=0.740 causal=4n cands=1050 0.8s
[23/45] run  circle__evolution_only__r10
      val_acc=0.575 causal=3n cands=1051 0.8s
[24/45] run  circle__random_search__r04
      val_acc=0.995 causal=16n cands=60 2.3s
[25/45] run  circle__random_search__r08
      val_acc=0.985 causal=6n cands=60 2.6s
[26/45] run  circle__fixed_mlp__r02
      val_acc=0.980 causal=65n cands=60 73.2s
[27/45] run  circle__fixed_mlp__r06
      val_acc=0.975 causal=65n cands=60 58.6s
[28/45] run  circle__fixed_mlp__r10
      val_acc=0.985 causal=65n cands=60 62.2s
[29/45] run  circle__logistic__r04
      val_acc=0.560 causal=0n cands=60 0.4s
[30/45] run  circle__logistic__r08
      val_acc=0.645 causal=0n cands=60 0.3s
[31/45] run  spiral__backprop_neat__r02
      val_acc=0.800 causal=4n cands=2000 20.1s
[32/45] run  spiral__backprop_neat__r06
      val_acc=0.785 causal=4n cands=2000 20.1s
[33/45] run  spiral__backprop_neat__r10
      val_acc=0.620 causal=0n cands=2000 14.8s
[34/45] run  spiral__homogeneous_tanh__r04
      val_acc=0.610 causal=0n cands=2000 11.2s
[35/45] run  spiral__homogeneous_tanh__r08
      val_acc=0.675 causal=3n cands=2000 13.0s
[36/45] run  spiral__evolution_only__r02
      val_acc=0.610 causal=0n cands=2000 1.8s
[37/45] run  spiral__evolution_only__r06
      val_acc=0.595 causal=0n cands=2000 1.5s
[38/45] run  spiral__evolution_only__r10
      val_acc=0.600 causal=0n cands=2000 1.7s
[39/45] run  spiral__random_search__r04
      val_acc=0.690 causal=13n cands=60 1.6s
[40/45] run  spiral__random_search__r08
      val_acc=0.710 causal=9n cands=60 1.6s
[41/45] run  spiral__fixed_mlp__r02
      val_acc=0.635 causal=65n cands=60 28.0s
[42/45] run  spiral__fixed_mlp__r06
      val_acc=0.645 causal=65n cands=60 26.6s
[43/45] run  spiral__fixed_mlp__r10
      val_acc=0.650 causal=65n cands=60 26.2s
[44/45] run  spiral__logistic__r04
      val_acc=0.615 causal=0n cands=60 0.3s
[45/45] run  spiral__logistic__r08
      val_acc=0.620 causal=0n cands=60 0.4s

177/180 runs present, complete=False, failed=0
[1/45] run  xor__backprop_neat__r02
      val_acc=1.000 causal=6n cands=1050 16.7s
[2/45] run  xor__backprop_neat__r06
      val_acc=0.960 causal=4n cands=1050 20.5s
[3/45] run  xor__backprop_neat__r10
      val_acc=0.995 causal=4n cands=1050 16.1s
[4/45] run  xor__homogeneous_tanh__r04
      val_acc=0.995 causal=4n cands=1050 29.6s
[5/45] run  xor__homogeneous_tanh__r08
      val_acc=1.000 causal=4n cands=1050 26.2s
[6/45] run  xor__evolution_only__r02
      val_acc=0.735 causal=2n cands=1050 0.9s
[7/45] run  xor__evolution_only__r06
      val_acc=0.855 causal=2n cands=1050 1.0s
[8/45] run  xor__evolution_only__r10
      val_acc=0.810 causal=1n cands=1050 1.1s
[9/45] run  xor__random_search__r04
      val_acc=0.990 causal=5n cands=60 3.8s
[10/45] run  xor__random_search__r08
      val_acc=0.995 causal=14n cands=60 4.9s
[11/45] run  xor__fixed_mlp__r02
      val_acc=0.995 causal=65n cands=60 89.3s
[12/45] run  xor__fixed_mlp__r06
